{"state":"LH006_VARIABLE_CONVERSION_INTENT","product_id":415,"sizes":["S","M","L","XL","2XL","3XL"],"price":"95","stock_ownership":"EXISTING_UNMANAGED_UNCHANGED"}
{"state":"VARIATION_CREATED_UNCOMMITTED","id":417,"parent_id":415,"size":"S"}
{"state":"VARIATION_CREATED_UNCOMMITTED","id":418,"parent_id":415,"size":"M"}
{"state":"VARIATION_CREATED_UNCOMMITTED","id":419,"parent_id":415,"size":"L"}
{"state":"VARIATION_CREATED_UNCOMMITTED","id":420,"parent_id":415,"size":"XL"}
{"state":"VARIATION_CREATED_UNCOMMITTED","id":421,"parent_id":415,"size":"2XL"}
{"state":"VARIATION_CREATED_UNCOMMITTED","id":422,"parent_id":415,"size":"3XL"}
{"state":"LH006_COMMIT_INTENT","product_id":415,"variation_ids":{"S":417,"M":418,"L":419,"XL":420,"2XL":421,"3XL":422},"after":{"id":415,"name":"Synthetic LH006 merchant success","slug":"synthetic-lh006-merchant-success-7","date_created":{"date":"2026-10-02 23:29:58.000000","timezone_type":1,"timezone":"+00:00"},"date_modified":{"date":"2026-10-02 23:29:59.000000","timezone_type":1,"timezone":"+00:00"},"status":"publish","featured":false,"catalog_visibility":"visible","description":"","short_description":"","sku":"synthetic-merchant-success-919fdd5c-484e-473e-9268-14833892742c","global_unique_id":"","price":"95","regular_price":"","sale_price":"","date_on_sale_from":null,"date_on_sale_to":null,"total_sales":0,"tax_status":"taxable","tax_class":"","manage_stock":false,"stock_quantity":null,"stock_status":"instock","backorders":"no","low_stock_amount":"","sold_individually":false,"weight":"","length":"","width":"","height":"","upsell_ids":[],"cross_sell_ids":[],"parent_id":0,"reviews_allowed":true,"purchase_note":"","attributes":{"size":{"id":0,"name":"Size","options":["S","M","L","XL","2XL","3XL"],"position":0,"visible":true,"variation":true,"is_visible":1,"is_variation":1,"is_taxonomy":0,"value":"S | M | L | XL | 2XL | 3XL"}},"default_attributes":[],"menu_order":0,"post_password":"","virtual":false,"downloadable":false,"category_ids":[15],"tag_ids":[],"brand_ids":[],"shipping_class_id":0,"downloads":[],"image_id":"","gallery_image_ids":[],"download_limit":-1,"download_expiry":-1,"rating_counts":[],"average_rating":"0","review_count":0,"cogs_value":null,"children":[418,419,420,421,422,417],"native_meta":{"_product_attributes":{"exists":true,"value":{"size":{"name":"Size","value":"S | M | L | XL | 2XL | 3XL","position":0,"is_visible":1,"is_variation":1,"is_taxonomy":0}}},"_default_attributes":{"exists":false,"value":""},"_price":{"exists":true,"value":"95"},"_regular_price":{"exists":false,"value":""},"_sale_price":{"exists":false,"value":""},"_is_preorder":{"exists":true,"value":"0"},"_preorder_edition_size":{"exists":false,"value":""},"_preorder_available":{"exists":false,"value":""},"_preorder_ship_date":{"exists":false,"value":""},"_thumbnail_id":{"exists":false,"value":""}}},"child_states":{"417":{"id":417,"name":"Synthetic LH006 merchant success - S","slug":"synthetic-lh006-merchant-success-s-3","date_created":{"date":"2026-10-02 23:29:58.000000","timezone_type":1,"timezone":"+00:00"},"date_modified":{"date":"2026-10-02 23:29:58.000000","timezone_type":1,"timezone":"+00:00"},"status":"publish","featured":false,"catalog_visibility":"visible","description":"","short_description":"","sku":"","global_unique_id":"","price":"95","regular_price":"95","sale_price":"","date_on_sale_from":null,"date_on_sale_to":null,"total_sales":"0","tax_status":"taxable","tax_class":"parent","manage_stock":false,"stock_quantity":null,"stock_status":"instock","backorders":"no","low_stock_amount":"","sold_individually":false,"weight":"","length":"","width":"","height":"","upsell_ids":[],"cross_sell_ids":[],"parent_id":415,"reviews_allowed":false,"purchase_note":"","attributes":{"size":"S"},"default_attributes":[],"menu_order":0,"post_password":"","virtual":false,"downloadable":false,"category_ids":[],"tag_ids":[],"brand_ids":[],"shipping_class_id":0,"downloads":[],"image_id":0,"gallery_image_ids":[],"download_limit":-1,"download_expiry":-1,"rating_counts":[],"average_rating":0,"review_count":0,"cogs_value":null,"attribute_summary":"Size: S","cogs_value_is_additive":false,"operation":"2f878866-3f6a-4b66-a7e4-de0059fb8e8b"},"418":{"id":418,"name":"Synthetic LH006 merchant success - M","slug":"synthetic-lh006-merchant-success-m-3","date_created":{"date":"2026-10-02 23:29:59.000000","timezone_type":1,"timezone":"+00:00"},"date_modified":{"date":"2026-10-02 23:29:59.000000","timezone_type":1,"timezone":"+00:00"},"status":"publish","featured":false,"catalog_visibility":"visible","description":"","short_description":"","sku":"","global_unique_id":"","price":"95","regular_price":"95","sale_price":"","date_on_sale_from":null,"date_on_sale_to":null,"total_sales":"0","tax_status":"taxable","tax_class":"parent","manage_stock":false,"stock_quantity":null,"stock_status":"instock","backorders":"no","low_stock_amount":"","sold_individually":false,"weight":"","length":"","width":"","height":"","upsell_ids":[],"cross_sell_ids":[],"parent_id":415,"reviews_allowed":false,"purchase_note":"","attributes":{"size":"M"},"default_attributes":[],"menu_order":0,"post_password":"","virtual":false,"downloadable":false,"category_ids":[],"tag_ids":[],"brand_ids":[],"shipping_class_id":0,"downloads":[],"image_id":0,"gallery_image_ids":[],"download_limit":-1,"download_expiry":-1,"rating_counts":[],"average_rating":0,"review_count":0,"cogs_value":null,"attribute_summary":"Size: M","cogs_value_is_additive":false,"operation":"2f878866-3f6a-4b66-a7e4-de0059fb8e8b"},"419":{"id":419,"name":"Synthetic LH006 merchant success - L","slug":"synthetic-lh006-merchant-success-l-3","date_created":{"date":"2026-10-02 23:29:59.000000","timezone_type":1,"timezone":"+00:00"},"date_modified":{"date":"2026-10-02 23:29:59.000000","timezone_type":1,"timezone":"+00:00"},"status":"publish","featured":false,"catalog_visibility":"visible","description":"","short_description":"","sku":"","global_unique_id":"","price":"95","regular_price":"95","sale_price":"","date_on_sale_from":null,"date_on_sale_to":null,"total_sales":"0","tax_status":"taxable","tax_class":"parent","manage_stock":false,"stock_quantity":null,"stock_status":"instock","backorders":"no","low_stock_amount":"","sold_individually":false,"weight":"","length":"","width":"","height":"","upsell_ids":[],"cross_sell_ids":[],"parent_id":415,"reviews_allowed":false,"purchase_note":"","attributes":{"size":"L"},"default_attributes":[],"menu_order":0,"post_password":"","virtual":false,"downloadable":false,"category_ids":[],"tag_ids":[],"brand_ids":[],"shipping_class_id":0,"downloads":[],"image_id":0,"gallery_image_ids":[],"download_limit":-1,"download_expiry":-1,"rating_counts":[],"average_rating":0,"review_count":0,"cogs_value":null,"attribute_summary":"Size: L","cogs_value_is_additive":false,"operation":"2f878866-3f6a-4b66-a7e4-de0059fb8e8b"},"420":{"id":420,"name":"Synthetic LH006 merchant success - XL","slug":"synthetic-lh006-merchant-success-xl-3","date_created":{"date":"2026-10-02 23:29:59.000000","timezone_type":1,"timezone":"+00:00"},"date_modified":{"date":"2026-10-02 23:29:59.000000","timezone_type":1,"timezone":"+00:00"},"status":"publish","featured":false,"catalog_visibility":"visible","description":"","short_description":"","sku":"","global_unique_id":"","price":"95","regular_price":"95","sale_price":"","date_on_sale_from":null,"date_on_sale_to":null,"total_sales":"0","tax_status":"taxable","tax_class":"parent","manage_stock":false,"stock_quantity":null,"stock_status":"instock","backorders":"no","low_stock_amount":"","sold_individually":false,"weight":"","length":"","width":"","height":"","upsell_ids":[],"cross_sell_ids":[],"parent_id":415,"reviews_allowed":false,"purchase_note":"","attributes":{"size":"XL"},"default_attributes":[],"menu_order":0,"post_password":"","virtual":false,"downloadable":false,"category_ids":[],"tag_ids":[],"brand_ids":[],"shipping_class_id":0,"downloads":[],"image_id":0,"gallery_image_ids":[],"download_limit":-1,"download_expiry":-1,"rating_counts":[],"average_rating":0,"review_count":0,"cogs_value":null,"attribute_summary":"Size: XL","cogs_value_is_additive":false,"operation":"2f878866-3f6a-4b66-a7e4-de0059fb8e8b"},"421":{"id":421,"name":"Synthetic LH006 merchant success - 2XL","slug":"synthetic-lh006-merchant-success-2xl-3","date_created":{"date":"2026-10-02 23:29:59.000000","timezone_type":1,"timezone":"+00:00"},"date_modified":{"date":"2026-10-02 23:29:59.000000","timezone_type":1,"timezone":"+00:00"},"status":"publish","featured":false,"catalog_visibility":"visible","description":"","short_description":"","sku":"","global_unique_id":"","price":"95","regular_price":"95","sale_price":"","date_on_sale_from":null,"date_on_sale_to":null,"total_sales":"0","tax_status":"taxable","tax_class":"parent","manage_stock":false,"stock_quantity":null,"stock_status":"instock","backorders":"no","low_stock_amount":"","sold_individually":false,"weight":"","length":"","width":"","height":"","upsell_ids":[],"cross_sell_ids":[],"parent_id":415,"reviews_allowed":false,"purchase_note":"","attributes":{"size":"2XL"},"default_attributes":[],"menu_order":0,"post_password":"","virtual":false,"downloadable":false,"category_ids":[],"tag_ids":[],"brand_ids":[],"shipping_class_id":0,"downloads":[],"image_id":0,"gallery_image_ids":[],"download_limit":-1,"download_expiry":-1,"rating_counts":[],"average_rating":0,"review_count":0,"cogs_value":null,"attribute_summary":"Size: 2XL","cogs_value_is_additive":false,"operation":"2f878866-3f6a-4b66-a7e4-de0059fb8e8b"},"422":{"id":422,"name":"Synthetic LH006 merchant success - 3XL","slug":"synthetic-lh006-merchant-success-3xl-3","date_created":{"date":"2026-10-02 23:29:59.000000","timezone_type":1,"timezone":"+00:00"},"date_modified":{"date":"2026-10-02 23:29:59.000000","timezone_type":1,"timezone":"+00:00"},"status":"publish","featured":false,"catalog_visibility":"visible","description":"","short_description":"","sku":"","global_unique_id":"","price":"95","regular_price":"95","sale_price":"","date_on_sale_from":null,"date_on_sale_to":null,"total_sales":"0","tax_status":"taxable","tax_class":"parent","manage_stock":false,"stock_quantity":null,"stock_status":"instock","backorders":"no","low_stock_amount":"","sold_individually":false,"weight":"","length":"","width":"","height":"","upsell_ids":[],"cross_sell_ids":[],"parent_id":415,"reviews_allowed":false,"purchase_note":"","attributes":{"size":"3XL"},"default_attributes":[],"menu_order":0,"post_password":"","virtual":false,"downloadable":false,"category_ids":[],"tag_ids":[],"brand_ids":[],"shipping_class_id":0,"downloads":[],"image_id":0,"gallery_image_ids":[],"download_limit":-1,"download_expiry":-1,"rating_counts":[],"average_rating":0,"review_count":0,"cogs_value":null,"attribute_summary":"Size: 3XL","cogs_value_is_additive":false,"operation":"2f878866-3f6a-4b66-a7e4-de0059fb8e8b"}}}
{"state":"LH006_COMMITTED","product_id":415,"variation_ids":{"S":417,"M":418,"L":419,"XL":420,"2XL":421,"3XL":422}}
{"state":"LH006_VARIABLE_CONVERSION_INTENT","product_id":423,"sizes":["S","M","L","XL","2XL","3XL"],"price":"95","stock_ownership":"EXISTING_UNMANAGED_UNCHANGED"}
{"state":"VARIATION_CREATED_UNCOMMITTED","id":424,"parent_id":423,"size":"S"}
{"state":"VARIATION_CREATED_UNCOMMITTED","id":425,"parent_id":423,"size":"M"}
{"state":"LH006_STOP_RECONCILE_REQUIRED","error":"SYNTHETIC_CHILD_FAILURE","product_id":423}
{"state":"VARIABLE_RESTORE_INTENT","product_id":415,"remove_owned_children":[418,419,420,421,422,417]}
{"state":"VARIABLE_RESTORE_COMMIT_INTENT","product_id":415,"after":{"id":415,"name":"Synthetic LH006 merchant success","slug":"synthetic-lh006-merchant-success-7","date_created":{"date":"2026-10-02 23:29:58.000000","timezone_type":1,"timezone":"+00:00"},"date_modified":{"date":"2026-10-02 23:30:01.000000","timezone_type":1,"timezone":"+00:00"},"status":"publish","featured":false,"catalog_visibility":"visible","description":"","short_description":"","sku":"synthetic-merchant-success-919fdd5c-484e-473e-9268-14833892742c","global_unique_id":"","price":"95","regular_price":"95","sale_price":"","date_on_sale_from":null,"date_on_sale_to":null,"total_sales":0,"tax_status":"taxable","tax_class":"","manage_stock":false,"stock_quantity":null,"stock_status":"instock","backorders":"no","low_stock_amount":"","sold_individually":false,"weight":"","length":"","width":"","height":"","upsell_ids":[],"cross_sell_ids":[],"parent_id":0,"reviews_allowed":true,"purchase_note":"","attributes":{"size":{"id":0,"name":"Size","options":["One Size"],"position":0,"visible":true,"variation":false,"is_visible":1,"is_variation":0,"is_taxonomy":0,"value":"One Size"}},"default_attributes":[],"menu_order":0,"post_password":"","virtual":false,"downloadable":false,"category_ids":[15],"tag_ids":[],"brand_ids":[],"shipping_class_id":0,"downloads":[],"image_id":"","gallery_image_ids":[],"download_limit":-1,"download_expiry":-1,"rating_counts":[],"average_rating":"0","review_count":0,"cogs_value":null,"children":[],"native_meta":{"_product_attributes":{"exists":true,"value":{"size":{"name":"Size","value":"One Size","position":0,"is_visible":1,"is_variation":0,"is_taxonomy":0}}},"_default_attributes":{"exists":false,"value":""},"_price":{"exists":true,"value":"95"},"_regular_price":{"exists":true,"value":"95"},"_sale_price":{"exists":false,"value":""},"_is_preorder":{"exists":true,"value":"0"},"_preorder_edition_size":{"exists":false,"value":""},"_preorder_available":{"exists":false,"value":""},"_preorder_ship_date":{"exists":false,"value":""},"_thumbnail_id":{"exists":false,"value":""}}}}
{"state":"VARIABLE_RESTORED","product_id":415}
{"state":"IMAGE_ASSIGNMENT_INTENT","product_id":425,"old_image_id":"","new_image_id":426}
{"state":"IMAGE_ASSIGNMENT_INTENT","product_id":425,"old_image_id":"","new_image_id":426}
{"state":"IMAGE_ASSIGNED","product_id":425,"attachment_id":426,"sha256":"c6bd2ddd555c4359c302eebb051d5fbad4d34bec0b324b44f3447831f3ec9c9a","after":{"id":425,"name":"Synthetic LH006 merchant image","slug":"synthetic-lh006-merchant-image-2","date_created":{"date":"2026-10-02 23:30:01.000000","timezone_type":1,"timezone":"+00:00"},"date_modified":{"date":"2026-10-02 23:30:01.000000","timezone_type":1,"timezone":"+00:00"},"status":"publish","featured":false,"catalog_visibility":"visible","description":"","short_description":"","sku":"synthetic-merchant-image-b349f320-6673-4605-9237-cdcd2c916b85","global_unique_id":"","price":"95","regular_price":"95","sale_price":"","date_on_sale_from":null,"date_on_sale_to":null,"total_sales":0,"tax_status":"taxable","tax_class":"","manage_stock":false,"stock_quantity":null,"stock_status":"instock","backorders":"no","low_stock_amount":"","sold_individually":false,"weight":"","length":"","width":"","height":"","upsell_ids":[],"cross_sell_ids":[],"parent_id":0,"reviews_allowed":true,"purchase_note":"","attributes":{"size":{"id":0,"name":"Size","options":["One Size"],"position":0,"visible":true,"variation":false,"is_visible":1,"is_variation":0,"is_taxonomy":0,"value":"One Size"}},"default_attributes":[],"menu_order":0,"post_password":"","virtual":false,"downloadable":false,"category_ids":[15],"tag_ids":[],"brand_ids":[],"shipping_class_id":0,"downloads":[],"image_id":"426","gallery_image_ids":[],"download_limit":-1,"download_expiry":-1,"rating_counts":[],"average_rating":"0","review_count":0,"cogs_value":null,"children":[],"native_meta":{"_product_attributes":{"exists":true,"value":{"size":{"name":"Size","value":"One Size","position":0,"is_visible":1,"is_variation":0,"is_taxonomy":0}}},"_default_attributes":{"exists":false,"value":""},"_price":{"exists":true,"value":"95"},"_regular_price":{"exists":true,"value":"95"},"_sale_price":{"exists":false,"value":""},"_is_preorder":{"exists":true,"value":"0"},"_preorder_edition_size":{"exists":false,"value":""},"_preorder_available":{"exists":false,"value":""},"_preorder_ship_date":{"exists":false,"value":""},"_thumbnail_id":{"exists":true,"value":"426"}}}}
{"state":"IMAGE_RESTORE_INTENT","product_id":425,"original_image_id":"","retained_attachment_id":426}
{"state":"IMAGE_RESTORED_ATTACHMENT_RETAINED","product_id":425,"after":{"id":425,"name":"Synthetic LH006 merchant image","slug":"synthetic-lh006-merchant-image-2","date_created":{"date":"2026-10-02 23:30:01.000000","timezone_type":1,"timezone":"+00:00"},"date_modified":{"date":"2026-10-02 23:30:01.000000","timezone_type":1,"timezone":"+00:00"},"status":"publish","featured":false,"catalog_visibility":"visible","description":"","short_description":"","sku":"synthetic-merchant-image-b349f320-6673-4605-9237-cdcd2c916b85","global_unique_id":"","price":"95","regular_price":"95","sale_price":"","date_on_sale_from":null,"date_on_sale_to":null,"total_sales":0,"tax_status":"taxable","tax_class":"","manage_stock":false,"stock_quantity":null,"stock_status":"instock","backorders":"no","low_stock_amount":"","sold_individually":false,"weight":"","length":"","width":"","height":"","upsell_ids":[],"cross_sell_ids":[],"parent_id":0,"reviews_allowed":true,"purchase_note":"","attributes":{"size":{"id":0,"name":"Size","options":["One Size"],"position":0,"visible":true,"variation":false,"is_visible":1,"is_variation":0,"is_taxonomy":0,"value":"One Size"}},"default_attributes":[],"menu_order":0,"post_password":"","virtual":false,"downloadable":false,"category_ids":[15],"tag_ids":[],"brand_ids":[],"shipping_class_id":0,"downloads":[],"image_id":"","gallery_image_ids":[],"download_limit":-1,"download_expiry":-1,"rating_counts":[],"average_rating":"0","review_count":0,"cogs_value":null,"children":[],"native_meta":{"_product_attributes":{"exists":true,"value":{"size":{"name":"Size","value":"One Size","position":0,"is_visible":1,"is_variation":0,"is_taxonomy":0}}},"_default_attributes":{"exists":false,"value":""},"_price":{"exists":true,"value":"95"},"_regular_price":{"exists":true,"value":"95"},"_sale_price":{"exists":false,"value":""},"_is_preorder":{"exists":true,"value":"0"},"_preorder_edition_size":{"exists":false,"value":""},"_preorder_available":{"exists":false,"value":""},"_preorder_ship_date":{"exists":false,"value":""},"_thumbnail_id":{"exists":false,"value":""}}}}
{
    "status": "PASS",
    "assertions": 40,
    "checks": [
        "old_simple_cart_add",
        "six_native_variations",
        "native_parent_price_inventory_preserved",
        "child_size_price_inventory_M",
        "child_size_price_inventory_L",
        "child_size_price_inventory_XL",
        "child_size_price_inventory_2XL",
        "child_size_price_inventory_3XL",
        "child_size_price_inventory_S",
        "old_simple_cart_requires_reselection",
        "old_cart_has_native_customer_notice",
        "missing_size_rejected",
        "native_size_cart_S",
        "native_size_cart_M",
        "native_size_cart_L",
        "native_size_cart_XL",
        "native_size_cart_2XL",
        "native_size_cart_3XL",
        "historical_synthetic_order_unchanged",
        "injected_failure_observed",
        "native_transaction_rollback_no_partial_children",
        "rollback_exact_preimage",
        "invalid_sizes_rejected_before_mutation",
        "foreign_preimage_rejected",
        "committed_restore_refuses_child_foreign_drift",
        "committed_restore_refuses_new_child_order_reference",
        "committed_restore_simple_owned_children_only",
        "committed_restore_preimage_fields",
        "native_upload_failure_preserves_product",
        "native_existing_image_import",
        "assignment_failure_preserves_product_retains_attachment",
        "native_image_assignment",
        "image_restore_refuses_foreign_drift",
        "image_restore_original_attachment_retained",
        "product_webhook_suppressed",
        "order_webhook_permission_preserved",
        "exact_active_image_get_allowed",
        "non_image_or_post_http_blocked",
        "image_redirects_disabled",
        "http_closed_between_downloads"
    ],
    "home": "http://127.0.0.1:18362",
    "wp": "7.1.2",
    "woo": "11.1.2",
    "db": "sqlite",
    "production_runner_executed": false,
    "external_http": "BLOCKED_BY_FIXTURE_MU",
    "production_innodb_gate": "NOT_RUN"
}
