(node:14406) Warning: The 'NO_COLOR' env is ignored due to the 'FORCE_COLOR' env being set.
(Use `node --trace-warnings ...` to show where the warning was created)
[33m1440[39m / [33m200[39m  [33m0[39m errors [33m0[39m bad
[33m1440[39m /collections/ [33m200[39m  [33m0[39m errors [33m0[39m bad
[33m1440[39m /collections/black-rose/ [33m200[39m  [33m0[39m errors [33m0[39m bad
[33m1440[39m /collections/love-hurts/ [33m200[39m  [33m0[39m errors [33m0[39m bad
[33m1440[39m /collections/signature/ [33m200[39m  [33m0[39m errors [33m0[39m bad
[33m1440[39m /collections/kids-capsule/ [33m200[39m  [33m0[39m errors [33m0[39m bad
[33m1440[39m /worlds/black-rose/ [33m200[39m  [33m0[39m errors [33m0[39m bad
[33m1440[39m /worlds/kids-capsule/ [33m200[39m  [33m0[39m errors [33m0[39m bad
[33m1440[39m /pre-order/ [33m200[39m  [33m0[39m errors [33m0[39m bad
[33m1440[39m /shop/ [33m200[39m  [33m0[39m errors [33m0[39m bad
[33m1440[39m /cart/ [33m200[39m  [33m0[39m errors [33m0[39m bad
[33m1440[39m /checkout/ [33m200[39m  [33m0[39m errors [33m0[39m bad
[33m1440[39m /my-account/ [33m200[39m  [33m0[39m errors [33m0[39m bad
[33m1440[39m /about/ [33m200[39m  [33m0[39m errors [33m0[39m bad
[33m1440[39m /contact/ [33m200[39m  [33m0[39m errors [33m0[39m bad
[33m1440[39m /faq/ [33m200[39m  [33m0[39m errors [33m0[39m bad
[33m1440[39m /shipping-returns/ [33m200[39m  [33m3[39m errors [33m0[39m bad
[33m1440[39m /size-guide/ [33m200[39m  [33m0[39m errors [33m0[39m bad
[33m1440[39m /privacy-policy/ [33m200[39m  [33m3[39m errors [33m0[39m bad
[33m1440[39m /terms-of-service/ [33m200[39m  [33m3[39m errors [33m0[39m bad
[33m1440[39m /accessibility/ [33m200[39m  [33m3[39m errors [33m0[39m bad
[33m1440[39m /wishlist/ [33m200[39m  [33m3[39m errors [33m0[39m bad
[33m1440[39m /journal/ [33m200[39m  [33m0[39m errors [33m0[39m bad
[33m1440[39m /audit-missing-20260921/ [33m404[39m  [33m0[39m errors [33m1[39m bad
[33m390[39m / [33m200[39m  [33m0[39m errors [33m0[39m bad
[33m390[39m /collections/black-rose/ [33m200[39m  [33m0[39m errors [33m0[39m bad
[33m390[39m /collections/kids-capsule/ [33m200[39m  [33m0[39m errors [33m0[39m bad
[33m390[39m /worlds/kids-capsule/ [33m200[39m  [33m0[39m errors [33m0[39m bad
[33m390[39m /shop/ [33m200[39m  [33m0[39m errors [33m0[39m bad
[33m390[39m /cart/ [33m200[39m  [33m0[39m errors [33m0[39m bad
[33m390[39m /checkout/ [33m200[39m  [33m0[39m errors [33m0[39m bad
