PASS: compatibility loaded through full theme before test includes
PASS: compatibility file included exactly once
PASS: theme registers exactly one skyyrose2_preorder_add_cart_data
PASS: theme registers exactly one skyyrose2_preorder_check_cart
PASS: theme registers exactly one skyyrose2_preorder_persist_item
PASS: fixture has unused canonical regular and preorder SKUs
PASS: regular inherited transaction classification
PASS: snapshot keeps native variation SKU and selected size
PHP Fatal error:  Uncaught Error: Call to undefined function skyyrose2_is_transaction_preorder_product() in phar:///Users/theceo/.npm-global/bin/wp/vendor/wp-cli/eval-command/src/EvalFile_Command.php(85) : eval()'d code:67
Stack trace:
#0 phar:///Users/theceo/.npm-global/bin/wp/vendor/wp-cli/eval-command/src/EvalFile_Command.php(85): eval()
#1 phar:///Users/theceo/.npm-global/bin/wp/vendor/wp-cli/eval-command/src/EvalFile_Command.php(59): EvalFile_Command::execute_eval('wordpress-theme...', Array, false)
#2 [internal function]: EvalFile_Command->__invoke(Array, Array)
#3 phar:///Users/theceo/.npm-global/bin/wp/vendor/wp-cli/wp-cli/php/WP_CLI/Dispatcher/CommandFactory.php(100): call_user_func(Array, Array, Array)
#4 [internal function]: WP_CLI\Dispatcher\CommandFactory::{closure:WP_CLI\Dispatcher\CommandFactory::create_subcommand():97}(Array, Array)
#5 phar:///Users/theceo/.npm-global/bin/wp/vendor/wp-cli/wp-cli/php/WP_CLI/Dispatcher/Subcommand.php(497): call_user_func(Object(Closure), Array, Array)
#6 phar:///Users/theceo/.npm-global/bin/wp/vendor/wp-cli/wp-cli/php/WP_CLI/Runner.php(470): WP_CLI\Dispatcher\Subcommand->invoke(Array, Array, Array)
#7 phar:///Users/theceo/.npm-global/bin/wp/vendor/wp-cli/wp-cli/php/WP_CLI/Runner.php(493): WP_CLI\Runner->run_command(Array, Array)
#8 phar:///Users/theceo/.npm-global/bin/wp/vendor/wp-cli/wp-cli/php/WP_CLI/Runner.php(136): WP_CLI\Runner->run_command_and_exit()
#9 phar:///Users/theceo/.npm-global/bin/wp/vendor/wp-cli/wp-cli/php/WP_CLI/Runner.php(1228): WP_CLI\Runner->do_early_invoke('before_wp_load')
#10 phar:///Users/theceo/.npm-global/bin/wp/vendor/wp-cli/wp-cli/php/WP_CLI/Bootstrap/LaunchRunner.php(28): WP_CLI\Runner->start()
#11 phar:///Users/theceo/.npm-global/bin/wp/vendor/wp-cli/wp-cli/php/bootstrap.php(84): WP_CLI\Bootstrap\LaunchRunner->process(Object(WP_CLI\Bootstrap\BootstrapState))
#12 phar:///Users/theceo/.npm-global/bin/wp/vendor/wp-cli/wp-cli/php/wp-cli.php(35): WP_CLI\bootstrap()
#13 phar:///Users/theceo/.npm-global/bin/wp/php/boot-phar.php(20): include('phar:///Users/t...')
#14 /Users/theceo/.npm-global/bin/wp(4): include('phar:///Users/t...')
#15 {main}
  thrown in phar:///Users/theceo/.npm-global/bin/wp/vendor/wp-cli/eval-command/src/EvalFile_Command.php(85) : eval()'d code on line 67
