
> skyyrose-flagship-2-theme@2.5.0 lint:php
> find . -name '*.php' -not -path './vendor/*' -print0 | xargs -0 -n1 php -l

No syntax errors detected in ./functions.php
No syntax errors detected in ./woocommerce/content-product.php
No syntax errors detected in ./woocommerce/single-product.php
No syntax errors detected in ./woocommerce/checkout/form-checkout.php
No syntax errors detected in ./woocommerce/checkout/thankyou.php
No syntax errors detected in ./woocommerce/notices/error.php
No syntax errors detected in ./woocommerce/archive-product.php
No syntax errors detected in ./woocommerce/cart/cart.php
No syntax errors detected in ./woocommerce/single-product/product-image.php
No syntax errors detected in ./404.php
No syntax errors detected in ./inc/presentation-registry.php
No syntax errors detected in ./inc/quick-view-commerce.php
No syntax errors detected in ./inc/launch-readiness.php
No syntax errors detected in ./inc/frame-delivery.php
No syntax errors detected in ./inc/archive-style-bundle.php
No syntax errors detected in ./inc/analytics-protocol.php
No syntax errors detected in ./inc/global-shell.php
No syntax errors detected in ./inc/demo-import.php
No syntax errors detected in ./inc/pdp-media-delivery.php
No syntax errors detected in ./inc/shop-archive.php
No syntax errors detected in ./inc/collection-presentation.php
No syntax errors detected in ./inc/seo-indexing.php
No syntax errors detected in ./inc/critical-rendering.php
No syntax errors detected in ./inc/analytics.php
No syntax errors detected in ./inc/marketplace.php
No syntax errors detected in ./inc/performance.php
No syntax errors detected in ./inc/hero-commerce-scenes.php
No syntax errors detected in ./inc/security.php
No syntax errors detected in ./inc/approved-card-fronts.php
No syntax errors detected in ./inc/starter-content.php
No syntax errors detected in ./index.php
No syntax errors detected in ./archive.php
No syntax errors detected in ./page-lookbook.php
No syntax errors detected in ./tests/analytics/relay.php
No syntax errors detected in ./tests/analytics/bootstrap.php
No syntax errors detected in ./tests/analytics/rendered-card.php
No syntax errors detected in ./template-immersive-love-hurts.php
No syntax errors detected in ./home.php
No syntax errors detected in ./search.php
No syntax errors detected in ./template-collection.php
No syntax errors detected in ./header.php
No syntax errors detected in ./template-parts/commerce/quick-view.php
No syntax errors detected in ./template-parts/commerce/search-dialog.php
No syntax errors detected in ./template-parts/commerce/product-card.php
No syntax errors detected in ./template-parts/commerce/product-hero.php
No syntax errors detected in ./template-parts/commerce/size-guide-dialog.php
No syntax errors detected in ./template-parts/commerce/jersey-gallery.php
No syntax errors detected in ./template-parts/commerce/hero-composed-scene.php
No syntax errors detected in ./template-parts/commerce/town-line.php
No syntax errors detected in ./template-parts/home/kids-capsule-reveal.php
No syntax errors detected in ./template-parts/home/editorial-journal.php
No syntax errors detected in ./template-parts/home/editorial-film.php
No syntax errors detected in ./template-parts/home/editorial-philosophy.php
No syntax errors detected in ./template-parts/home/living-archive-worlds.php
No syntax errors detected in ./template-parts/home/editorial-collection.php
No syntax errors detected in ./template-parts/home/editorial-hero.php
No syntax errors detected in ./template-parts/skyy-mascot.php
No syntax errors detected in ./template-parts/v2-about.php
No syntax errors detected in ./template-parts/journal-press-fallback.php
No syntax errors detected in ./template-parts/v2-commerce-preview.php
No syntax errors detected in ./template-parts/cookie-consent.php
No syntax errors detected in ./template-parts/immersive/world.php
No syntax errors detected in ./template-parts/collections/world.php
No syntax errors detected in ./template-parts/collections/index.php
No syntax errors detected in ./template-parts/collections/arrival.php
No syntax errors detected in ./template-parts/collections/chapters.php
No syntax errors detected in ./template-parts/collections/scroll-world.php
No syntax errors detected in ./template-parts/collections/product-edit.php
No syntax errors detected in ./template-parts/collections/next-world.php
No syntax errors detected in ./template-parts/collections/story.php
No syntax errors detected in ./template-parts/pages/journal-entry.php
No syntax errors detected in ./template-parts/pages/service.php
No syntax errors detected in ./template-parts/pages/contact.php
No syntax errors detected in ./template-parts/v2-preorder.php
No syntax errors detected in ./scripts/test-critical-rendering.php
No syntax errors detected in ./scripts/test-prelaunch-safety.php
No syntax errors detected in ./scripts/test-global-shell-contract.php
No syntax errors detected in ./scripts/test-marketplace-registry.php
No syntax errors detected in ./scripts/test-performance.php
No syntax errors detected in ./scripts/test-seo-indexing.php
No syntax errors detected in ./scripts/test-page-service-template.php
No syntax errors detected in ./footer.php
No syntax errors detected in ./template-immersive-signature.php
No syntax errors detected in ./single.php
No syntax errors detected in ./page.php
No syntax errors detected in ./template-immersive-kids-capsule.php
No syntax errors detected in ./page-wishlist.php
No syntax errors detected in ./front-page.php
No syntax errors detected in ./template-immersive-black-rose.php
